==7992== Memcheck, a memory error detector
==7992== Copyright (C) 2002-2024, and GNU GPL'd, by Julian Seward et al.
==7992== Using Valgrind-3.24.0.GIT-lbmacos and LibVEX; rerun with -h for copyright info
==7992== Command: ./testa_conta_palavras
==7992== Parent PID: 7982
==7992== 
==7992== Use of uninitialised value of size 8
==7992==    at 0x1002D55B1: lsl::CRC32cSW::checksum(unsigned int, std::__1::span<std::byte, 18446744073709551615ul>) (in /usr/lib/dyld)
==7992==    by 0x1002D5500: lsl::CRC32c::operator()(std::__1::span<std::byte, 18446744073709551615ul>) (in /usr/lib/dyld)
==7992==    by 0x1002E6EC2: dyld4::Atlas::ProcessSnapshot::Serializer::serialize() (in /usr/lib/dyld)
==7992==    by 0x1002E6479: dyld4::Atlas::ProcessSnapshot::serialize() (in /usr/lib/dyld)
==7992==    by 0x1002E2E88: dyld4::ExternallyViewableState::commit(dyld4::Atlas::ProcessSnapshot*, lsl::Allocator&, lsl::Allocator&) (in /usr/lib/dyld)
==7992==    by 0x1002E28D1: dyld4::ExternallyViewableState::commit(lsl::Allocator&, lsl::Allocator&) (in /usr/lib/dyld)
==7992==    by 0x1002AE77E: dyld4::start(dyld4::KernelArgs*, void*, void*)::$_0::operator()() const (in /usr/lib/dyld)
==7992==    by 0x1002AE27E: (below main) (in /usr/lib/dyld)
==7992== 
==7992== Use of uninitialised value of size 8
==7992==    at 0x1002D55B1: lsl::CRC32cSW::checksum(unsigned int, std::__1::span<std::byte, 18446744073709551615ul>) (in /usr/lib/dyld)
==7992==    by 0x1002D5500: lsl::CRC32c::operator()(std::__1::span<std::byte, 18446744073709551615ul>) (in /usr/lib/dyld)
==7992==    by 0x1002E5809: dyld4::Atlas::ProcessSnapshot::Serializer::deserialize(std::__1::span<std::byte, 18446744073709551615ul>) (in /usr/lib/dyld)
==7992==    by 0x1002E5637: dyld4::Atlas::ProcessSnapshot::ProcessSnapshot(lsl::Allocator&, dyld4::FileManager&, bool, std::__1::span<std::byte, 18446744073709551615ul>) (in /usr/lib/dyld)
==7992==    by 0x1002E233B: dyld4::ExternallyViewableState::ensureSnapshot(lsl::Allocator&) (in /usr/lib/dyld)
==7992==    by 0x1002E260E: dyld4::ExternallyViewableState::addImages(lsl::Allocator&, lsl::Allocator&, std::__1::span<dyld4::ExternallyViewableState::ImageInfo, 18446744073709551615ul> const&) (in /usr/lib/dyld)
==7992==    by 0x1002B9C94: dyld4::RuntimeState::notifyDebuggerLoad(std::__1::span<dyld4::Loader const*, 18446744073709551615ul> const&) (in /usr/lib/dyld)
==7992==    by 0x1002B9A98: dyld4::RuntimeState::notifyDebuggerLoad(dyld4::Loader const*) (in /usr/lib/dyld)
==7992==    by 0x1002B03F9: invocation function for block in dyld4::prepare(dyld4::APIs&, dyld3::MachOAnalyzer const*) (in /usr/lib/dyld)
==7992==    by 0x1002B4005: dyld4::ProcessConfig::PathOverrides::forEachInColonList(char const*, char const*, bool&, void ( block_pointer)(char const*, bool&)) (in /usr/lib/dyld)
==7992==    by 0x1002B42BF: dyld4::ProcessConfig::PathOverrides::forEachInsertedDylib(void ( block_pointer)(char const*, bool&)) const (in /usr/lib/dyld)
==7992==    by 0x1002AEB22: dyld4::prepare(dyld4::APIs&, dyld3::MachOAnalyzer const*) (in /usr/lib/dyld)
==7992== 
==7992== Invalid read of size 1
==7992==    at 0x10031B829: __chkstk_darwin_probe (in /usr/lib/dyld)
==7992==    by 0x1002CAEC5: dyld4::PrebuiltLoader::loadDependents(Diagnostics&, dyld4::RuntimeState&, dyld4::Loader::LoadOptions const&) (in /usr/lib/dyld)
==7992==    by 0x1002CAEC5: dyld4::PrebuiltLoader::loadDependents(Diagnostics&, dyld4::RuntimeState&, dyld4::Loader::LoadOptions const&) (in /usr/lib/dyld)
==7992==    by 0x1002CAEC5: dyld4::PrebuiltLoader::loadDependents(Diagnostics&, dyld4::RuntimeState&, dyld4::Loader::LoadOptions const&) (in /usr/lib/dyld)
==7992==    by 0x1002CAEC5: dyld4::PrebuiltLoader::loadDependents(Diagnostics&, dyld4::RuntimeState&, dyld4::Loader::LoadOptions const&) (in /usr/lib/dyld)
==7992==    by 0x1002CAEC5: dyld4::PrebuiltLoader::loadDependents(Diagnostics&, dyld4::RuntimeState&, dyld4::Loader::LoadOptions const&) (in /usr/lib/dyld)
==7992==    by 0x1002CAEC5: dyld4::PrebuiltLoader::loadDependents(Diagnostics&, dyld4::RuntimeState&, dyld4::Loader::LoadOptions const&) (in /usr/lib/dyld)
==7992==    by 0x1002CAEC5: dyld4::PrebuiltLoader::loadDependents(Diagnostics&, dyld4::RuntimeState&, dyld4::Loader::LoadOptions const&) (in /usr/lib/dyld)
==7992==    by 0x1002CAEC5: dyld4::PrebuiltLoader::loadDependents(Diagnostics&, dyld4::RuntimeState&, dyld4::Loader::LoadOptions const&) (in /usr/lib/dyld)
==7992==    by 0x1002CAEC5: dyld4::PrebuiltLoader::loadDependents(Diagnostics&, dyld4::RuntimeState&, dyld4::Loader::LoadOptions const&) (in /usr/lib/dyld)
==7992==    by 0x1002C7918: dyld4::JustInTimeLoader::loadDependents(Diagnostics&, dyld4::RuntimeState&, dyld4::Loader::LoadOptions const&) (in /usr/lib/dyld)
==7992==    by 0x1002AEC9B: dyld4::prepare(dyld4::APIs&, dyld3::MachOAnalyzer const*) (in /usr/lib/dyld)
==7992==  Address 0x1083bcf48 is on thread 1's stack
==7992==  152 bytes below stack pointer
==7992== 
==7992== Syscall param map_with_linking_np(link_info) points to uninitialised byte(s)
==7992==    at 0x10030866A: __map_with_linking_np (in /usr/lib/dyld)
==7992==    by 0x1002C1DBF: dyld4::setUpPageInLinkingRegions(dyld4::RuntimeState&, dyld4::Loader const*, unsigned long, unsigned short, unsigned short, bool, dyld3::Array<dyld4::PageInLinkingRange> const&, dyld3::Array<void const*> const&) (in /usr/lib/dyld)
==7992==    by 0x1002C1798: invocation function for block in dyld4::Loader::setUpPageInLinking(Diagnostics&, dyld4::RuntimeState&, unsigned long, unsigned long long, dyld3::Array<void const*> const&) const (in /usr/lib/dyld)
==7992==    by 0x1002C150F: dyld4::Loader::setUpPageInLinking(Diagnostics&, dyld4::RuntimeState&, unsigned long, unsigned long long, dyld3::Array<void const*> const&) const (in /usr/lib/dyld)
==7992==    by 0x1002C1F3C: dyld4::Loader::applyFixupsGeneric(Diagnostics&, dyld4::RuntimeState&, unsigned long long, dyld3::Array<void const*> const&, dyld3::Array<void const*> const&, bool, dyld3::Array<dyld4::Loader::MissingFlatLazySymbol> const&) const (in /usr/lib/dyld)
==7992==    by 0x1002C82FF: dyld4::JustInTimeLoader::applyFixups(Diagnostics&, dyld4::RuntimeState&, dyld4::DyldCacheDataConstLazyScopedWriter&, bool, lsl::Vector<std::__1::pair<dyld4::Loader const*, char const*> >*) const (in /usr/lib/dyld)
==7992==    by 0x1002AEF6B: dyld4::prepare(dyld4::APIs&, dyld3::MachOAnalyzer const*) (in /usr/lib/dyld)
==7992==    by 0x1002AE791: dyld4::start(dyld4::KernelArgs*, void*, void*)::$_0::operator()() const (in /usr/lib/dyld)
==7992==    by 0x1002AE27E: (below main) (in /usr/lib/dyld)
==7992==  Address 0x1083bad00 is on thread 1's stack
==7992==  in frame #1, created by dyld4::setUpPageInLinkingRegions(dyld4::RuntimeState&, dyld4::Loader const*, unsigned long, unsigned short, unsigned short, bool, dyld3::Array<dyld4::PageInLinkingRange> const&, dyld3::Array<void const*> const&) (???:)
==7992== 
==7992== Invalid free() / delete / delete[] / realloc()
==7992==    at 0x1003E7C54: free (in /usr/local/Cellar/valgrind/HEAD-ef8cbb3/libexec/valgrind/vgpreload_memcheck-amd64-darwin.so)
==7992==    by 0x7FF81171AA1F: NXCreateHashTable (in /usr/lib/libobjc.A.dylib)
==7992==    by 0x7FF81171A8D9: NXCreateMapTable (in /usr/lib/libobjc.A.dylib)
==7992==    by 0x7FF8117050BE: map_images_nolock (in /usr/lib/libobjc.A.dylib)
==7992==    by 0x7FF81170419F: map_images (in /usr/lib/libobjc.A.dylib)
==7992==    by 0x1002BD0E1: invocation function for block in dyld4::RuntimeState::setObjCNotifiers(void (*)(char const*, mach_header const*), void (*)(mach_header const*, void*, mach_header const*, void const*), void (*)(unsigned int, _dyld_objc_notify_mapped_info const*), void (*)(_dyld_objc_notify_mapped_info const*), void (*)(unsigned int, _dyld_objc_notify_mapped_info const*, void ( block_pointer)(unsigned int)))::$_0::operator()() const (in /usr/lib/dyld)
==7992==    by 0x1002B51E7: dyld4::RuntimeLocks::withLoadersReadLock(void ( block_pointer)()) (in /usr/lib/dyld)
==7992==    by 0x1002BAF55: dyld4::RuntimeState::setObjCNotifiers(void (*)(char const*, mach_header const*), void (*)(mach_header const*, void*, mach_header const*, void const*), void (*)(unsigned int, _dyld_objc_notify_mapped_info const*), void (*)(_dyld_objc_notify_mapped_info const*), void (*)(unsigned int, _dyld_objc_notify_mapped_info const*, void ( block_pointer)(unsigned int))) (in /usr/lib/dyld)
==7992==    by 0x1002D7AAC: dyld4::APIs::_dyld_objc_register_callbacks(_dyld_objc_callbacks const*) (in /usr/lib/dyld)
==7992==    by 0x7FF811703BFD: _objc_init (in /usr/lib/libobjc.A.dylib)
==7992==    by 0x7FF811931E19: _os_object_init (in /usr/lib/system/libdispatch.dylib)
==7992==    by 0x7FF81193F3D6: libdispatch_init (in /usr/lib/system/libdispatch.dylib)
==7992==  Address 0x600002764000 is in a rw- anonymous segment
==7992== 
==7992== Invalid free() / delete / delete[] / realloc()
==7992==    at 0x1003E7C54: free (in /usr/local/Cellar/valgrind/HEAD-ef8cbb3/libexec/valgrind/vgpreload_memcheck-amd64-darwin.so)
==7992==    by 0x7FF811706575: _NXHashRehashToCapacity (in /usr/lib/libobjc.A.dylib)
==7992==    by 0x7FF8117064A1: NXHashInsert (in /usr/lib/libobjc.A.dylib)
==7992==    by 0x7FF81171AAFF: NXCreateHashTable (in /usr/lib/libobjc.A.dylib)
==7992==    by 0x7FF81171A8D9: NXCreateMapTable (in /usr/lib/libobjc.A.dylib)
==7992==    by 0x7FF8117050BE: map_images_nolock (in /usr/lib/libobjc.A.dylib)
==7992==    by 0x7FF81170419F: map_images (in /usr/lib/libobjc.A.dylib)
==7992==    by 0x1002BD0E1: invocation function for block in dyld4::RuntimeState::setObjCNotifiers(void (*)(char const*, mach_header const*), void (*)(mach_header const*, void*, mach_header const*, void const*), void (*)(unsigned int, _dyld_objc_notify_mapped_info const*), void (*)(_dyld_objc_notify_mapped_info const*), void (*)(unsigned int, _dyld_objc_notify_mapped_info const*, void ( block_pointer)(unsigned int)))::$_0::operator()() const (in /usr/lib/dyld)
==7992==    by 0x1002B51E7: dyld4::RuntimeLocks::withLoadersReadLock(void ( block_pointer)()) (in /usr/lib/dyld)
==7992==    by 0x1002BAF55: dyld4::RuntimeState::setObjCNotifiers(void (*)(char const*, mach_header const*), void (*)(mach_header const*, void*, mach_header const*, void const*), void (*)(unsigned int, _dyld_objc_notify_mapped_info const*), void (*)(_dyld_objc_notify_mapped_info const*), void (*)(unsigned int, _dyld_objc_notify_mapped_info const*, void ( block_pointer)(unsigned int))) (in /usr/lib/dyld)
==7992==    by 0x1002D7AAC: dyld4::APIs::_dyld_objc_register_callbacks(_dyld_objc_callbacks const*) (in /usr/lib/dyld)
==7992==    by 0x7FF811703BFD: _objc_init (in /usr/lib/libobjc.A.dylib)
==7992==  Address 0x600002564060 is in a rw- anonymous segment
==7992== 
==7992== Invalid free() / delete / delete[] / realloc()
==7992==    at 0x1003E7C54: free (in /usr/local/Cellar/valgrind/HEAD-ef8cbb3/libexec/valgrind/vgpreload_memcheck-amd64-darwin.so)
==7992==    by 0x7FF8117065A4: _NXHashRehashToCapacity (in /usr/lib/libobjc.A.dylib)
==7992==    by 0x7FF8117064A1: NXHashInsert (in /usr/lib/libobjc.A.dylib)
==7992==    by 0x7FF81171AAFF: NXCreateHashTable (in /usr/lib/libobjc.A.dylib)
==7992==    by 0x7FF81171A8D9: NXCreateMapTable (in /usr/lib/libobjc.A.dylib)
==7992==    by 0x7FF8117050BE: map_images_nolock (in /usr/lib/libobjc.A.dylib)
==7992==    by 0x7FF81170419F: map_images (in /usr/lib/libobjc.A.dylib)
==7992==    by 0x1002BD0E1: invocation function for block in dyld4::RuntimeState::setObjCNotifiers(void (*)(char const*, mach_header const*), void (*)(mach_header const*, void*, mach_header const*, void const*), void (*)(unsigned int, _dyld_objc_notify_mapped_info const*), void (*)(_dyld_objc_notify_mapped_info const*), void (*)(unsigned int, _dyld_objc_notify_mapped_info const*, void ( block_pointer)(unsigned int)))::$_0::operator()() const (in /usr/lib/dyld)
==7992==    by 0x1002B51E7: dyld4::RuntimeLocks::withLoadersReadLock(void ( block_pointer)()) (in /usr/lib/dyld)
==7992==    by 0x1002BAF55: dyld4::RuntimeState::setObjCNotifiers(void (*)(char const*, mach_header const*), void (*)(mach_header const*, void*, mach_header const*, void const*), void (*)(unsigned int, _dyld_objc_notify_mapped_info const*), void (*)(_dyld_objc_notify_mapped_info const*), void (*)(unsigned int, _dyld_objc_notify_mapped_info const*, void ( block_pointer)(unsigned int))) (in /usr/lib/dyld)
==7992==    by 0x1002D7AAC: dyld4::APIs::_dyld_objc_register_callbacks(_dyld_objc_callbacks const*) (in /usr/lib/dyld)
==7992==    by 0x7FF811703BFD: _objc_init (in /usr/lib/libobjc.A.dylib)
==7992==  Address 0x600002764010 is in a rw- anonymous segment
==7992== 
==7992== Invalid free() / delete / delete[] / realloc()
==7992==    at 0x1003E7C54: free (in /usr/local/Cellar/valgrind/HEAD-ef8cbb3/libexec/valgrind/vgpreload_memcheck-amd64-darwin.so)
==7992==    by 0x7FF8117064A1: NXHashInsert (in /usr/lib/libobjc.A.dylib)
==7992==    by 0x7FF81171AAFF: NXCreateHashTable (in /usr/lib/libobjc.A.dylib)
==7992==    by 0x7FF81171A8D9: NXCreateMapTable (in /usr/lib/libobjc.A.dylib)
==7992==    by 0x7FF8117050BE: map_images_nolock (in /usr/lib/libobjc.A.dylib)
==7992==    by 0x7FF81170419F: map_images (in /usr/lib/libobjc.A.dylib)
==7992==    by 0x1002BD0E1: invocation function for block in dyld4::RuntimeState::setObjCNotifiers(void (*)(char const*, mach_header const*), void (*)(mach_header const*, void*, mach_header const*, void const*), void (*)(unsigned int, _dyld_objc_notify_mapped_info const*), void (*)(_dyld_objc_notify_mapped_info const*), void (*)(unsigned int, _dyld_objc_notify_mapped_info const*, void ( block_pointer)(unsigned int)))::$_0::operator()() const (in /usr/lib/dyld)
==7992==    by 0x1002B51E7: dyld4::RuntimeLocks::withLoadersReadLock(void ( block_pointer)()) (in /usr/lib/dyld)
==7992==    by 0x1002BAF55: dyld4::RuntimeState::setObjCNotifiers(void (*)(char const*, mach_header const*), void (*)(mach_header const*, void*, mach_header const*, void const*), void (*)(unsigned int, _dyld_objc_notify_mapped_info const*), void (*)(_dyld_objc_notify_mapped_info const*), void (*)(unsigned int, _dyld_objc_notify_mapped_info const*, void ( block_pointer)(unsigned int))) (in /usr/lib/dyld)
==7992==    by 0x1002D7AAC: dyld4::APIs::_dyld_objc_register_callbacks(_dyld_objc_callbacks const*) (in /usr/lib/dyld)
==7992==    by 0x7FF811703BFD: _objc_init (in /usr/lib/libobjc.A.dylib)
==7992==    by 0x7FF811931E19: _os_object_init (in /usr/lib/system/libdispatch.dylib)
==7992==  Address 0x600002564080 is in a rw- anonymous segment
==7992== 
